// Jest Snapshot v1, https://goo.gl/fbAQLP

exports[`Pruebas en <GifGridItem /> Debe renderizar GifGridItem correctamente 1`] = `
<div
  className="card animate__animated animate__jackInTheBox"
>
  <p>
    Magos
  </p>
  <img
    alt="Magos"
    src="https://gooogle.com"
  />
</div>
`;
